Sensor0;-1;44;
Sensor1;1.1;45;
Sensor2;5.3;46;
Cleaner0;45.3333;1.33333;
Cleaner1;46.6667;3.66667;