Qualit√© de l'air moyen
O3 : 47.125 ; NO2 : 73.625 ; SO2 : 39 ; PM10 : 49.125
