Sensor0;-1;44;Operational;
Sensor1;1.1;45;Operational;
Sensor2;5.3;46;Operational;
