User0; blacklisted: 0; points: 0; Sensors: Sensor1 | Sensor2;
