Qualit√© de l'air moyen
O3 : 50.375 ; NO2 : 36 ; SO2 : 40.375 ; PM10 : 47.625
