Qualit√© de l'air moyen
O3 : 50.375 ; NO2 : 72.625 ; SO2 : 40.375 ; PM10 : 44.75
