Valeur en PM10 non prise en compte : doit Ãªtre positive
