Le rayon de la zone doit Ãªtre positif : prise en compte de sa valeur absolue
